Analysis & Synthesis report for maxv_top
Mon Mar 23 00:22:41 2026
Quartus Prime Version 18.1.0 Build 625 09/12/2018 SJ Standard Edition


---------------------
; Table of Contents ;
---------------------
  1. Legal Notice
  2. Analysis & Synthesis Summary
  3. Analysis & Synthesis Settings
  4. Parallel Compilation
  5. Analysis & Synthesis Source Files Read
  6. Analysis & Synthesis Resource Usage Summary
  7. Analysis & Synthesis Resource Utilization by Entity
  8. General Register Statistics
  9. Multiplexer Restructuring Statistics (Restructuring Performed)
 10. Parameter Settings for User Entity Instance: alu_nbits_top:U1
 11. Parameter Settings for User Entity Instance: alu_nbits_top:U1|addn_full:add_inst
 12. Parameter Settings for User Entity Instance: alu_nbits_top:U1|addn_full:add_inst|addn:add3
 13. Parameter Settings for User Entity Instance: alu_nbits_top:U1|addn_full:add_inst|addn:add1
 14. Analysis & Synthesis Messages



----------------
; Legal Notice ;
----------------
Copyright (C) 2018  Intel Corporation. All rights reserved.
Your use of Intel Corporation's design tools, logic functions 
and other software and tools, and its AMPP partner logic 
functions, and any output files from any of the foregoing 
(including device programming or simulation files), and any 
associated documentation or information are expressly subject 
to the terms and conditions of the Intel Program License 
Subscription Agreement, the Intel Quartus Prime License Agreement,
the Intel FPGA IP License Agreement, or other applicable license
agreement, including, without limitation, that your use is for
the sole purpose of programming logic devices manufactured by
Intel and sold by Intel or its authorized distributors.  Please
refer to the applicable agreement for further details.



+-------------------------------------------------------------------------------+
; Analysis & Synthesis Summary                                                  ;
+-----------------------------+-------------------------------------------------+
; Analysis & Synthesis Status ; Successful - Mon Mar 23 00:22:41 2026           ;
; Quartus Prime Version       ; 18.1.0 Build 625 09/12/2018 SJ Standard Edition ;
; Revision Name               ; maxv_top                                        ;
; Top-level Entity Name       ; maxv_top                                        ;
; Family                      ; MAX V                                           ;
; Total logic elements        ; 71                                              ;
; Total pins                  ; 159                                             ;
; Total virtual pins          ; 0                                               ;
; UFM blocks                  ; 0 / 1 ( 0 % )                                   ;
+-----------------------------+-------------------------------------------------+


+------------------------------------------------------------------------------------------------------------+
; Analysis & Synthesis Settings                                                                              ;
+------------------------------------------------------------------+--------------------+--------------------+
; Option                                                           ; Setting            ; Default Value      ;
+------------------------------------------------------------------+--------------------+--------------------+
; Device                                                           ; 5M570ZF256C5       ;                    ;
; Top-level entity name                                            ; maxv_top           ; maxv_top           ;
; Family name                                                      ; MAX V              ; Cyclone V          ;
; VHDL Show LMF Mapping Messages                                   ; Off                ;                    ;
; VHDL Version                                                     ; VHDL_2008          ; VHDL_1993          ;
; Use smart compilation                                            ; Off                ; Off                ;
; Enable parallel Assembler and Timing Analyzer during compilation ; On                 ; On                 ;
; Enable compact report table                                      ; Off                ; Off                ;
; Restructure Multiplexers                                         ; Auto               ; Auto               ;
; Create Debugging Nodes for IP Cores                              ; Off                ; Off                ;
; Preserve fewer node names                                        ; On                 ; On                 ;
; Intel FPGA IP Evaluation Mode                                    ; Enable             ; Enable             ;
; Verilog Version                                                  ; Verilog_2001       ; Verilog_2001       ;
; State Machine Processing                                         ; Auto               ; Auto               ;
; Safe State Machine                                               ; Off                ; Off                ;
; Extract Verilog State Machines                                   ; On                 ; On                 ;
; Extract VHDL State Machines                                      ; On                 ; On                 ;
; Ignore Verilog initial constructs                                ; Off                ; Off                ;
; Iteration limit for constant Verilog loops                       ; 5000               ; 5000               ;
; Iteration limit for non-constant Verilog loops                   ; 250                ; 250                ;
; Add Pass-Through Logic to Inferred RAMs                          ; On                 ; On                 ;
; Infer RAMs from Raw Logic                                        ; On                 ; On                 ;
; Parallel Synthesis                                               ; On                 ; On                 ;
; NOT Gate Push-Back                                               ; On                 ; On                 ;
; Power-Up Don't Care                                              ; On                 ; On                 ;
; Remove Redundant Logic Cells                                     ; Off                ; Off                ;
; Remove Duplicate Registers                                       ; On                 ; On                 ;
; Ignore CARRY Buffers                                             ; Off                ; Off                ;
; Ignore CASCADE Buffers                                           ; Off                ; Off                ;
; Ignore GLOBAL Buffers                                            ; Off                ; Off                ;
; Ignore ROW GLOBAL Buffers                                        ; Off                ; Off                ;
; Ignore LCELL Buffers                                             ; Off                ; Off                ;
; Ignore SOFT Buffers                                              ; On                 ; On                 ;
; Limit AHDL Integers to 32 Bits                                   ; Off                ; Off                ;
; Optimization Technique                                           ; Balanced           ; Balanced           ;
; Carry Chain Length                                               ; 70                 ; 70                 ;
; Auto Carry Chains                                                ; On                 ; On                 ;
; Auto Open-Drain Pins                                             ; On                 ; On                 ;
; Perform WYSIWYG Primitive Resynthesis                            ; Off                ; Off                ;
; Auto Shift Register Replacement                                  ; Auto               ; Auto               ;
; Allow Shift Register Merging across Hierarchies                  ; Auto               ; Auto               ;
; Auto Clock Enable Replacement                                    ; On                 ; On                 ;
; Allow Synchronous Control Signals                                ; On                 ; On                 ;
; Force Use of Synchronous Clear Signals                           ; Off                ; Off                ;
; Auto Resource Sharing                                            ; Off                ; Off                ;
; Use LogicLock Constraints during Resource Balancing              ; On                 ; On                 ;
; Ignore translate_off and synthesis_off directives                ; Off                ; Off                ;
; Report Parameter Settings                                        ; On                 ; On                 ;
; Report Source Assignments                                        ; On                 ; On                 ;
; Report Connectivity Checks                                       ; On                 ; On                 ;
; Ignore Maximum Fan-Out Assignments                               ; Off                ; Off                ;
; Synchronization Register Chain Length                            ; 2                  ; 2                  ;
; Power Optimization During Synthesis                              ; Normal compilation ; Normal compilation ;
; HDL message level                                                ; Level2             ; Level2             ;
; Suppress Register Optimization Related Messages                  ; Off                ; Off                ;
; Number of Removed Registers Reported in Synthesis Report         ; 5000               ; 5000               ;
; Number of Swept Nodes Reported in Synthesis Report               ; 5000               ; 5000               ;
; Number of Inverted Registers Reported in Synthesis Report        ; 100                ; 100                ;
; Clock MUX Protection                                             ; On                 ; On                 ;
; Block Design Naming                                              ; Auto               ; Auto               ;
; Synthesis Effort                                                 ; Auto               ; Auto               ;
; Shift Register Replacement - Allow Asynchronous Clear Signal     ; On                 ; On                 ;
; Analysis & Synthesis Message Level                               ; Medium             ; Medium             ;
; Disable Register Merging Across Hierarchies                      ; Auto               ; Auto               ;
+------------------------------------------------------------------+--------------------+--------------------+


+------------------------------------------+
; Parallel Compilation                     ;
+----------------------------+-------------+
; Processors                 ; Number      ;
+----------------------------+-------------+
; Number detected on machine ; 2           ;
; Maximum allowed            ; 2           ;
;                            ;             ;
; Average used               ; 1.00        ;
; Maximum used               ; 1           ;
;                            ;             ;
; Usage by Processor         ; % Time Used ;
;     Processor 1            ; 100.0%      ;
+----------------------------+-------------+


+------------------------------------------------------------------------------------------------------------------------------------------------------------+
; Analysis & Synthesis Source Files Read                                                                                                                     ;
+----------------------------------+-----------------+-----------------+---------------------------------------------------------------------------+---------+
; File Name with User-Entered Path ; Used in Netlist ; File Type       ; File Name with Absolute Path                                              ; Library ;
+----------------------------------+-----------------+-----------------+---------------------------------------------------------------------------+---------+
; ../src_cpld/maxv_top.vhd         ; yes             ; User VHDL File  ; /home/reds/Desktop/CSN/labo3/CSN_labo_alu/alu_nbits/src_cpld/maxv_top.vhd ;         ;
; ../src/alu_nbits_top.vhd         ; yes             ; User VHDL File  ; /home/reds/Desktop/CSN/labo3/CSN_labo_alu/alu_nbits/src/alu_nbits_top.vhd ;         ;
; ../src/addn_full.vhd             ; yes             ; User VHDL File  ; /home/reds/Desktop/CSN/labo3/CSN_labo_alu/alu_nbits/src/addn_full.vhd     ;         ;
; ../src/addn.vhd                  ; yes             ; User VHDL File  ; /home/reds/Desktop/CSN/labo3/CSN_labo_alu/alu_nbits/src/addn.vhd          ;         ;
+----------------------------------+-----------------+-----------------+---------------------------------------------------------------------------+---------+


+-----------------------------------------------------------+
; Analysis & Synthesis Resource Usage Summary               ;
+---------------------------------------------+-------------+
; Resource                                    ; Usage       ;
+---------------------------------------------+-------------+
; Total logic elements                        ; 71          ;
;     -- Combinational with no register       ; 51          ;
;     -- Register only                        ; 0           ;
;     -- Combinational with a register        ; 20          ;
;                                             ;             ;
; Logic element usage by number of LUT inputs ;             ;
;     -- 4 input functions                    ; 24          ;
;     -- 3 input functions                    ; 24          ;
;     -- 2 input functions                    ; 21          ;
;     -- 1 input functions                    ; 2           ;
;     -- 0 input functions                    ; 0           ;
;                                             ;             ;
; Logic elements by mode                      ;             ;
;     -- normal mode                          ; 45          ;
;     -- arithmetic mode                      ; 26          ;
;     -- qfbk mode                            ; 0           ;
;     -- register cascade mode                ; 0           ;
;     -- synchronous clear/load mode          ; 0           ;
;     -- asynchronous clear/load mode         ; 20          ;
;                                             ;             ;
; Total registers                             ; 20          ;
; Total logic cells in carry chains           ; 28          ;
; I/O pins                                    ; 159         ;
; Maximum fan-out node                        ; Switch_i[1] ;
; Maximum fan-out                             ; 34          ;
; Total fan-out                               ; 267         ;
; Average fan-out                             ; 1.16        ;
+---------------------------------------------+-------------+


+--------------------------------------------------------------------------------------------------------------------------------------------------------------------------------------------------------------------------------------------------------------------------+
; Analysis & Synthesis Resource Utilization by Entity                                                                                                                                                                                                                      ;
+----------------------------+-------------+--------------+------------+------+--------------+--------------+-------------------+------------------+-----------------+------------+---------------------------------------------------------+---------------+--------------+
; Compilation Hierarchy Node ; Logic Cells ; LC Registers ; UFM Blocks ; Pins ; Virtual Pins ; LUT-Only LCs ; Register-Only LCs ; LUT/Register LCs ; Carry Chain LCs ; Packed LCs ; Full Hierarchy Name                                     ; Entity Name   ; Library Name ;
+----------------------------+-------------+--------------+------------+------+--------------+--------------+-------------------+------------------+-----------------+------------+---------------------------------------------------------+---------------+--------------+
; |maxv_top                  ; 71 (20)     ; 20           ; 0          ; 159  ; 0            ; 51 (0)       ; 0 (0)             ; 20 (20)          ; 28 (19)         ; 0 (0)      ; |maxv_top                                               ; maxv_top      ; work         ;
;    |alu_nbits_top:U1|      ; 51 (40)     ; 0            ; 0          ; 0    ; 0            ; 51 (40)      ; 0 (0)             ; 0 (0)            ; 9 (0)           ; 0 (0)      ; |maxv_top|alu_nbits_top:U1                              ; alu_nbits_top ; work         ;
;       |addn_full:add_inst| ; 11 (1)      ; 0            ; 0          ; 0    ; 0            ; 11 (1)       ; 0 (0)             ; 0 (0)            ; 9 (0)           ; 0 (0)      ; |maxv_top|alu_nbits_top:U1|addn_full:add_inst           ; addn_full     ; work         ;
;          |addn:add1|       ; 1 (1)       ; 0            ; 0          ; 0    ; 0            ; 1 (1)        ; 0 (0)             ; 0 (0)            ; 0 (0)           ; 0 (0)      ; |maxv_top|alu_nbits_top:U1|addn_full:add_inst|addn:add1 ; addn          ; work         ;
;          |addn:add3|       ; 9 (9)       ; 0            ; 0          ; 0    ; 0            ; 9 (9)        ; 0 (0)             ; 0 (0)            ; 9 (9)           ; 0 (0)      ; |maxv_top|alu_nbits_top:U1|addn_full:add_inst|addn:add3 ; addn          ; work         ;
+----------------------------+-------------+--------------+------------+------+--------------+--------------+-------------------+------------------+-----------------+------------+---------------------------------------------------------+---------------+--------------+
Note: For table entries with two numbers listed, the numbers in parentheses indicate the number of resources of the given type used by the specific entity alone. The numbers listed outside of parentheses indicate the total resources of the given type used by the specific entity and all of its sub-entities in the hierarchy.


+------------------------------------------------------+
; General Register Statistics                          ;
+----------------------------------------------+-------+
; Statistic                                    ; Value ;
+----------------------------------------------+-------+
; Total registers                              ; 20    ;
; Number of registers using Synchronous Clear  ; 0     ;
; Number of registers using Synchronous Load   ; 0     ;
; Number of registers using Asynchronous Clear ; 20    ;
; Number of registers using Asynchronous Load  ; 0     ;
; Number of registers using Clock Enable       ; 0     ;
; Number of registers using Preset             ; 0     ;
+----------------------------------------------+-------+


+-----------------------------------------------------------------------------------------------------------------------------------------------+
; Multiplexer Restructuring Statistics (Restructuring Performed)                                                                                ;
+--------------------+-----------+---------------+----------------------+------------------------+------------+---------------------------------+
; Multiplexer Inputs ; Bus Width ; Baseline Area ; Area if Restructured ; Saving if Restructured ; Registered ; Example Multiplexer Output      ;
+--------------------+-----------+---------------+----------------------+------------------------+------------+---------------------------------+
; 5:1                ; 8 bits    ; 24 LEs        ; 16 LEs               ; 8 LEs                  ; No         ; |maxv_top|alu_nbits_top:U1|Mux1 ;
+--------------------+-----------+---------------+----------------------+------------------------+------------+---------------------------------+


+---------------------------------------------------------------+
; Parameter Settings for User Entity Instance: alu_nbits_top:U1 ;
+----------------+-------+--------------------------------------+
; Parameter Name ; Value ; Type                                 ;
+----------------+-------+--------------------------------------+
; n              ; 8     ; Signed Integer                       ;
+----------------+-------+--------------------------------------+
Note: In order to hide this table in the UI and the text report file, please set the "Show Parameter Settings in Synthesis Report" option in "Analysis and Synthesis Settings -> More Settings" to "Off".


+----------------------------------------------------------------------------------+
; Parameter Settings for User Entity Instance: alu_nbits_top:U1|addn_full:add_inst ;
+----------------+-------+---------------------------------------------------------+
; Parameter Name ; Value ; Type                                                    ;
+----------------+-------+---------------------------------------------------------+
; n              ; 8     ; Signed Integer                                          ;
+----------------+-------+---------------------------------------------------------+
Note: In order to hide this table in the UI and the text report file, please set the "Show Parameter Settings in Synthesis Report" option in "Analysis and Synthesis Settings -> More Settings" to "Off".


+--------------------------------------------------------------------------------------------+
; Parameter Settings for User Entity Instance: alu_nbits_top:U1|addn_full:add_inst|addn:add3 ;
+----------------+-------+-------------------------------------------------------------------+
; Parameter Name ; Value ; Type                                                              ;
+----------------+-------+-------------------------------------------------------------------+
; n              ; 7     ; Signed Integer                                                    ;
+----------------+-------+-------------------------------------------------------------------+
Note: In order to hide this table in the UI and the text report file, please set the "Show Parameter Settings in Synthesis Report" option in "Analysis and Synthesis Settings -> More Settings" to "Off".


+--------------------------------------------------------------------------------------------+
; Parameter Settings for User Entity Instance: alu_nbits_top:U1|addn_full:add_inst|addn:add1 ;
+----------------+-------+-------------------------------------------------------------------+
; Parameter Name ; Value ; Type                                                              ;
+----------------+-------+-------------------------------------------------------------------+
; n              ; 1     ; Signed Integer                                                    ;
+----------------+-------+-------------------------------------------------------------------+
Note: In order to hide this table in the UI and the text report file, please set the "Show Parameter Settings in Synthesis Report" option in "Analysis and Synthesis Settings -> More Settings" to "Off".


+-------------------------------+
; Analysis & Synthesis Messages ;
+-------------------------------+
Info: *******************************************************************
Info: Running Quartus Prime Analysis & Synthesis
    Info: Version 18.1.0 Build 625 09/12/2018 SJ Standard Edition
    Info: Processing started: Mon Mar 23 00:22:30 2026
Info: Command: quartus_map --read_settings_files=on --write_settings_files=off maxv_top -c maxv_top
Warning (18236): Number of processors has not been specified which may cause overloading on shared machines.  Set the global assignment NUM_PARALLEL_PROCESSORS in your QSF to an appropriate value for best performance.
Info (20030): Parallel compilation is enabled and will use 2 of the 2 processors detected
Info (12021): Found 2 design units, including 1 entities, in source file /home/reds/Desktop/CSN/labo3/CSN_labo_alu/alu_nbits/src_cpld/maxv_top.vhd
    Info (12022): Found design unit 1: maxv_top-struct File: /home/reds/Desktop/CSN/labo3/CSN_labo_alu/alu_nbits/src_cpld/maxv_top.vhd Line: 63
    Info (12023): Found entity 1: maxv_top File: /home/reds/Desktop/CSN/labo3/CSN_labo_alu/alu_nbits/src_cpld/maxv_top.vhd Line: 41
Info (12021): Found 2 design units, including 1 entities, in source file /home/reds/Desktop/CSN/labo3/CSN_labo_alu/alu_nbits/src/alu_nbits_top.vhd
    Info (12022): Found design unit 1: alu_nbits_top-struct File: /home/reds/Desktop/CSN/labo3/CSN_labo_alu/alu_nbits/src/alu_nbits_top.vhd Line: 37
    Info (12023): Found entity 1: alu_nbits_top File: /home/reds/Desktop/CSN/labo3/CSN_labo_alu/alu_nbits/src/alu_nbits_top.vhd Line: 23
Info (12021): Found 2 design units, including 1 entities, in source file /home/reds/Desktop/CSN/labo3/CSN_labo_alu/alu_nbits/src/addn_full.vhd
    Info (12022): Found design unit 1: addn_full-struct File: /home/reds/Desktop/CSN/labo3/CSN_labo_alu/alu_nbits/src/addn_full.vhd Line: 36
    Info (12023): Found entity 1: addn_full File: /home/reds/Desktop/CSN/labo3/CSN_labo_alu/alu_nbits/src/addn_full.vhd Line: 26
Info (12021): Found 2 design units, including 1 entities, in source file /home/reds/Desktop/CSN/labo3/CSN_labo_alu/alu_nbits/src/addn.vhd
    Info (12022): Found design unit 1: addn-flot_don File: /home/reds/Desktop/CSN/labo3/CSN_labo_alu/alu_nbits/src/addn.vhd Line: 34
    Info (12023): Found entity 1: addn File: /home/reds/Desktop/CSN/labo3/CSN_labo_alu/alu_nbits/src/addn.vhd Line: 24
Info (12127): Elaborating entity "maxv_top" for the top level hierarchy
Warning (10036): Verilog HDL or VHDL warning at maxv_top.vhd(78): object "Button_s" assigned a value but never read File: /home/reds/Desktop/CSN/labo3/CSN_labo_alu/alu_nbits/src_cpld/maxv_top.vhd Line: 78
Warning (10873): Using initial value X (don't care) for net "Con_80p_DO_s[79..17]" at maxv_top.vhd(73) File: /home/reds/Desktop/CSN/labo3/CSN_labo_alu/alu_nbits/src_cpld/maxv_top.vhd Line: 73
Warning (10873): Using initial value X (don't care) for net "Con_80p_DO_s[8..5]" at maxv_top.vhd(73) File: /home/reds/Desktop/CSN/labo3/CSN_labo_alu/alu_nbits/src_cpld/maxv_top.vhd Line: 73
Info (12129): Elaborating entity "alu_nbits_top" using architecture "A:struct" for hierarchy "alu_nbits_top:U1" File: /home/reds/Desktop/CSN/labo3/CSN_labo_alu/alu_nbits/src_cpld/maxv_top.vhd Line: 122
Info (12128): Elaborating entity "addn_full" for hierarchy "alu_nbits_top:U1|addn_full:add_inst" File: /home/reds/Desktop/CSN/labo3/CSN_labo_alu/alu_nbits/src/alu_nbits_top.vhd Line: 79
Info (12128): Elaborating entity "addn" for hierarchy "alu_nbits_top:U1|addn_full:add_inst|addn:add3" File: /home/reds/Desktop/CSN/labo3/CSN_labo_alu/alu_nbits/src/addn_full.vhd Line: 54
Info (12128): Elaborating entity "addn" for hierarchy "alu_nbits_top:U1|addn_full:add_inst|addn:add1" File: /home/reds/Desktop/CSN/labo3/CSN_labo_alu/alu_nbits/src/addn_full.vhd Line: 66
Warning (13039): The following bidirectional pins have no drivers
    Warning (13040): bidirectional pin "Con_25p_io[1]" has no driver File: /home/reds/Desktop/CSN/labo3/CSN_labo_alu/alu_nbits/src_cpld/maxv_top.vhd Line: 47
    Warning (13040): bidirectional pin "Con_25p_io[2]" has no driver File: /home/reds/Desktop/CSN/labo3/CSN_labo_alu/alu_nbits/src_cpld/maxv_top.vhd Line: 47
    Warning (13040): bidirectional pin "Con_25p_io[3]" has no driver File: /home/reds/Desktop/CSN/labo3/CSN_labo_alu/alu_nbits/src_cpld/maxv_top.vhd Line: 47
    Warning (13040): bidirectional pin "Con_25p_io[4]" has no driver File: /home/reds/Desktop/CSN/labo3/CSN_labo_alu/alu_nbits/src_cpld/maxv_top.vhd Line: 47
    Warning (13040): bidirectional pin "Con_25p_io[5]" has no driver File: /home/reds/Desktop/CSN/labo3/CSN_labo_alu/alu_nbits/src_cpld/maxv_top.vhd Line: 47
    Warning (13040): bidirectional pin "Con_25p_io[6]" has no driver File: /home/reds/Desktop/CSN/labo3/CSN_labo_alu/alu_nbits/src_cpld/maxv_top.vhd Line: 47
    Warning (13040): bidirectional pin "Con_25p_io[7]" has no driver File: /home/reds/Desktop/CSN/labo3/CSN_labo_alu/alu_nbits/src_cpld/maxv_top.vhd Line: 47
    Warning (13040): bidirectional pin "Con_25p_io[8]" has no driver File: /home/reds/Desktop/CSN/labo3/CSN_labo_alu/alu_nbits/src_cpld/maxv_top.vhd Line: 47
    Warning (13040): bidirectional pin "Con_25p_io[9]" has no driver File: /home/reds/Desktop/CSN/labo3/CSN_labo_alu/alu_nbits/src_cpld/maxv_top.vhd Line: 47
    Warning (13040): bidirectional pin "Con_25p_io[10]" has no driver File: /home/reds/Desktop/CSN/labo3/CSN_labo_alu/alu_nbits/src_cpld/maxv_top.vhd Line: 47
    Warning (13040): bidirectional pin "Con_25p_io[11]" has no driver File: /home/reds/Desktop/CSN/labo3/CSN_labo_alu/alu_nbits/src_cpld/maxv_top.vhd Line: 47
    Warning (13040): bidirectional pin "Con_25p_io[12]" has no driver File: /home/reds/Desktop/CSN/labo3/CSN_labo_alu/alu_nbits/src_cpld/maxv_top.vhd Line: 47
    Warning (13040): bidirectional pin "Con_25p_io[13]" has no driver File: /home/reds/Desktop/CSN/labo3/CSN_labo_alu/alu_nbits/src_cpld/maxv_top.vhd Line: 47
    Warning (13040): bidirectional pin "Con_25p_io[14]" has no driver File: /home/reds/Desktop/CSN/labo3/CSN_labo_alu/alu_nbits/src_cpld/maxv_top.vhd Line: 47
    Warning (13040): bidirectional pin "Con_25p_io[15]" has no driver File: /home/reds/Desktop/CSN/labo3/CSN_labo_alu/alu_nbits/src_cpld/maxv_top.vhd Line: 47
    Warning (13040): bidirectional pin "Con_25p_io[16]" has no driver File: /home/reds/Desktop/CSN/labo3/CSN_labo_alu/alu_nbits/src_cpld/maxv_top.vhd Line: 47
    Warning (13040): bidirectional pin "Con_25p_io[17]" has no driver File: /home/reds/Desktop/CSN/labo3/CSN_labo_alu/alu_nbits/src_cpld/maxv_top.vhd Line: 47
    Warning (13040): bidirectional pin "Con_25p_io[18]" has no driver File: /home/reds/Desktop/CSN/labo3/CSN_labo_alu/alu_nbits/src_cpld/maxv_top.vhd Line: 47
    Warning (13040): bidirectional pin "Con_25p_io[19]" has no driver File: /home/reds/Desktop/CSN/labo3/CSN_labo_alu/alu_nbits/src_cpld/maxv_top.vhd Line: 47
    Warning (13040): bidirectional pin "Con_25p_io[20]" has no driver File: /home/reds/Desktop/CSN/labo3/CSN_labo_alu/alu_nbits/src_cpld/maxv_top.vhd Line: 47
    Warning (13040): bidirectional pin "Con_25p_io[21]" has no driver File: /home/reds/Desktop/CSN/labo3/CSN_labo_alu/alu_nbits/src_cpld/maxv_top.vhd Line: 47
    Warning (13040): bidirectional pin "Con_25p_io[22]" has no driver File: /home/reds/Desktop/CSN/labo3/CSN_labo_alu/alu_nbits/src_cpld/maxv_top.vhd Line: 47
    Warning (13040): bidirectional pin "Con_25p_io[23]" has no driver File: /home/reds/Desktop/CSN/labo3/CSN_labo_alu/alu_nbits/src_cpld/maxv_top.vhd Line: 47
    Warning (13040): bidirectional pin "Con_25p_io[24]" has no driver File: /home/reds/Desktop/CSN/labo3/CSN_labo_alu/alu_nbits/src_cpld/maxv_top.vhd Line: 47
    Warning (13040): bidirectional pin "Con_25p_io[25]" has no driver File: /home/reds/Desktop/CSN/labo3/CSN_labo_alu/alu_nbits/src_cpld/maxv_top.vhd Line: 47
    Warning (13040): bidirectional pin "Mezzanine_io[5]" has no driver File: /home/reds/Desktop/CSN/labo3/CSN_labo_alu/alu_nbits/src_cpld/maxv_top.vhd Line: 49
    Warning (13040): bidirectional pin "Mezzanine_io[6]" has no driver File: /home/reds/Desktop/CSN/labo3/CSN_labo_alu/alu_nbits/src_cpld/maxv_top.vhd Line: 49
    Warning (13040): bidirectional pin "Mezzanine_io[7]" has no driver File: /home/reds/Desktop/CSN/labo3/CSN_labo_alu/alu_nbits/src_cpld/maxv_top.vhd Line: 49
    Warning (13040): bidirectional pin "Mezzanine_io[8]" has no driver File: /home/reds/Desktop/CSN/labo3/CSN_labo_alu/alu_nbits/src_cpld/maxv_top.vhd Line: 49
    Warning (13040): bidirectional pin "Mezzanine_io[9]" has no driver File: /home/reds/Desktop/CSN/labo3/CSN_labo_alu/alu_nbits/src_cpld/maxv_top.vhd Line: 49
    Warning (13040): bidirectional pin "Mezzanine_io[10]" has no driver File: /home/reds/Desktop/CSN/labo3/CSN_labo_alu/alu_nbits/src_cpld/maxv_top.vhd Line: 49
    Warning (13040): bidirectional pin "Mezzanine_io[11]" has no driver File: /home/reds/Desktop/CSN/labo3/CSN_labo_alu/alu_nbits/src_cpld/maxv_top.vhd Line: 49
    Warning (13040): bidirectional pin "Mezzanine_io[12]" has no driver File: /home/reds/Desktop/CSN/labo3/CSN_labo_alu/alu_nbits/src_cpld/maxv_top.vhd Line: 49
    Warning (13040): bidirectional pin "Mezzanine_io[13]" has no driver File: /home/reds/Desktop/CSN/labo3/CSN_labo_alu/alu_nbits/src_cpld/maxv_top.vhd Line: 49
    Warning (13040): bidirectional pin "Mezzanine_io[14]" has no driver File: /home/reds/Desktop/CSN/labo3/CSN_labo_alu/alu_nbits/src_cpld/maxv_top.vhd Line: 49
    Warning (13040): bidirectional pin "Mezzanine_io[15]" has no driver File: /home/reds/Desktop/CSN/labo3/CSN_labo_alu/alu_nbits/src_cpld/maxv_top.vhd Line: 49
    Warning (13040): bidirectional pin "Mezzanine_io[16]" has no driver File: /home/reds/Desktop/CSN/labo3/CSN_labo_alu/alu_nbits/src_cpld/maxv_top.vhd Line: 49
    Warning (13040): bidirectional pin "Mezzanine_io[17]" has no driver File: /home/reds/Desktop/CSN/labo3/CSN_labo_alu/alu_nbits/src_cpld/maxv_top.vhd Line: 49
    Warning (13040): bidirectional pin "Mezzanine_io[18]" has no driver File: /home/reds/Desktop/CSN/labo3/CSN_labo_alu/alu_nbits/src_cpld/maxv_top.vhd Line: 49
    Warning (13040): bidirectional pin "Mezzanine_io[19]" has no driver File: /home/reds/Desktop/CSN/labo3/CSN_labo_alu/alu_nbits/src_cpld/maxv_top.vhd Line: 49
    Warning (13040): bidirectional pin "Mezzanine_io[20]" has no driver File: /home/reds/Desktop/CSN/labo3/CSN_labo_alu/alu_nbits/src_cpld/maxv_top.vhd Line: 49
Warning (13032): The following tri-state nodes are fed by constants
    Warning (13033): The pin "Con_80p_io[5]" is fed by GND File: /home/reds/Desktop/CSN/labo3/CSN_labo_alu/alu_nbits/src_cpld/maxv_top.vhd Line: 48
    Warning (13033): The pin "Con_80p_io[6]" is fed by GND File: /home/reds/Desktop/CSN/labo3/CSN_labo_alu/alu_nbits/src_cpld/maxv_top.vhd Line: 48
    Warning (13033): The pin "Con_80p_io[7]" is fed by GND File: /home/reds/Desktop/CSN/labo3/CSN_labo_alu/alu_nbits/src_cpld/maxv_top.vhd Line: 48
    Warning (13033): The pin "Con_80p_io[8]" is fed by GND File: /home/reds/Desktop/CSN/labo3/CSN_labo_alu/alu_nbits/src_cpld/maxv_top.vhd Line: 48
    Warning (13033): The pin "Con_80p_io[17]" is fed by GND File: /home/reds/Desktop/CSN/labo3/CSN_labo_alu/alu_nbits/src_cpld/maxv_top.vhd Line: 48
    Warning (13033): The pin "Con_80p_io[18]" is fed by GND File: /home/reds/Desktop/CSN/labo3/CSN_labo_alu/alu_nbits/src_cpld/maxv_top.vhd Line: 48
    Warning (13033): The pin "Con_80p_io[19]" is fed by GND File: /home/reds/Desktop/CSN/labo3/CSN_labo_alu/alu_nbits/src_cpld/maxv_top.vhd Line: 48
    Warning (13033): The pin "Con_80p_io[20]" is fed by GND File: /home/reds/Desktop/CSN/labo3/CSN_labo_alu/alu_nbits/src_cpld/maxv_top.vhd Line: 48
    Warning (13033): The pin "Con_80p_io[21]" is fed by GND File: /home/reds/Desktop/CSN/labo3/CSN_labo_alu/alu_nbits/src_cpld/maxv_top.vhd Line: 48
    Warning (13033): The pin "Con_80p_io[22]" is fed by GND File: /home/reds/Desktop/CSN/labo3/CSN_labo_alu/alu_nbits/src_cpld/maxv_top.vhd Line: 48
    Warning (13033): The pin "Con_80p_io[23]" is fed by GND File: /home/reds/Desktop/CSN/labo3/CSN_labo_alu/alu_nbits/src_cpld/maxv_top.vhd Line: 48
    Warning (13033): The pin "Con_80p_io[24]" is fed by GND File: /home/reds/Desktop/CSN/labo3/CSN_labo_alu/alu_nbits/src_cpld/maxv_top.vhd Line: 48
    Warning (13033): The pin "Con_80p_io[25]" is fed by GND File: /home/reds/Desktop/CSN/labo3/CSN_labo_alu/alu_nbits/src_cpld/maxv_top.vhd Line: 48
    Warning (13033): The pin "Con_80p_io[26]" is fed by GND File: /home/reds/Desktop/CSN/labo3/CSN_labo_alu/alu_nbits/src_cpld/maxv_top.vhd Line: 48
    Warning (13033): The pin "Con_80p_io[27]" is fed by GND File: /home/reds/Desktop/CSN/labo3/CSN_labo_alu/alu_nbits/src_cpld/maxv_top.vhd Line: 48
    Warning (13033): The pin "Con_80p_io[28]" is fed by GND File: /home/reds/Desktop/CSN/labo3/CSN_labo_alu/alu_nbits/src_cpld/maxv_top.vhd Line: 48
    Warning (13033): The pin "Con_80p_io[29]" is fed by GND File: /home/reds/Desktop/CSN/labo3/CSN_labo_alu/alu_nbits/src_cpld/maxv_top.vhd Line: 48
    Warning (13033): The pin "Con_80p_io[30]" is fed by GND File: /home/reds/Desktop/CSN/labo3/CSN_labo_alu/alu_nbits/src_cpld/maxv_top.vhd Line: 48
    Warning (13033): The pin "Con_80p_io[31]" is fed by GND File: /home/reds/Desktop/CSN/labo3/CSN_labo_alu/alu_nbits/src_cpld/maxv_top.vhd Line: 48
    Warning (13033): The pin "Con_80p_io[32]" is fed by GND File: /home/reds/Desktop/CSN/labo3/CSN_labo_alu/alu_nbits/src_cpld/maxv_top.vhd Line: 48
    Warning (13033): The pin "Con_80p_io[33]" is fed by GND File: /home/reds/Desktop/CSN/labo3/CSN_labo_alu/alu_nbits/src_cpld/maxv_top.vhd Line: 48
    Warning (13033): The pin "Con_80p_io[34]" is fed by GND File: /home/reds/Desktop/CSN/labo3/CSN_labo_alu/alu_nbits/src_cpld/maxv_top.vhd Line: 48
    Warning (13033): The pin "Con_80p_io[35]" is fed by GND File: /home/reds/Desktop/CSN/labo3/CSN_labo_alu/alu_nbits/src_cpld/maxv_top.vhd Line: 48
    Warning (13033): The pin "Con_80p_io[36]" is fed by GND File: /home/reds/Desktop/CSN/labo3/CSN_labo_alu/alu_nbits/src_cpld/maxv_top.vhd Line: 48
    Warning (13033): The pin "Con_80p_io[37]" is fed by GND File: /home/reds/Desktop/CSN/labo3/CSN_labo_alu/alu_nbits/src_cpld/maxv_top.vhd Line: 48
    Warning (13033): The pin "Con_80p_io[38]" is fed by GND File: /home/reds/Desktop/CSN/labo3/CSN_labo_alu/alu_nbits/src_cpld/maxv_top.vhd Line: 48
    Warning (13033): The pin "Con_80p_io[39]" is fed by GND File: /home/reds/Desktop/CSN/labo3/CSN_labo_alu/alu_nbits/src_cpld/maxv_top.vhd Line: 48
    Warning (13033): The pin "Con_80p_io[40]" is fed by GND File: /home/reds/Desktop/CSN/labo3/CSN_labo_alu/alu_nbits/src_cpld/maxv_top.vhd Line: 48
Warning (13009): TRI or OPNDRN buffers permanently enabled
    Warning (13010): Node "Con_80p_io[2]~synth" File: /home/reds/Desktop/CSN/labo3/CSN_labo_alu/alu_nbits/src_cpld/maxv_top.vhd Line: 48
    Warning (13010): Node "Con_80p_io[3]~synth" File: /home/reds/Desktop/CSN/labo3/CSN_labo_alu/alu_nbits/src_cpld/maxv_top.vhd Line: 48
    Warning (13010): Node "Con_80p_io[4]~synth" File: /home/reds/Desktop/CSN/labo3/CSN_labo_alu/alu_nbits/src_cpld/maxv_top.vhd Line: 48
    Warning (13010): Node "Con_80p_io[9]~synth" File: /home/reds/Desktop/CSN/labo3/CSN_labo_alu/alu_nbits/src_cpld/maxv_top.vhd Line: 48
    Warning (13010): Node "Con_80p_io[10]~synth" File: /home/reds/Desktop/CSN/labo3/CSN_labo_alu/alu_nbits/src_cpld/maxv_top.vhd Line: 48
    Warning (13010): Node "Con_80p_io[11]~synth" File: /home/reds/Desktop/CSN/labo3/CSN_labo_alu/alu_nbits/src_cpld/maxv_top.vhd Line: 48
    Warning (13010): Node "Con_80p_io[12]~synth" File: /home/reds/Desktop/CSN/labo3/CSN_labo_alu/alu_nbits/src_cpld/maxv_top.vhd Line: 48
    Warning (13010): Node "Con_80p_io[13]~synth" File: /home/reds/Desktop/CSN/labo3/CSN_labo_alu/alu_nbits/src_cpld/maxv_top.vhd Line: 48
    Warning (13010): Node "Con_80p_io[14]~synth" File: /home/reds/Desktop/CSN/labo3/CSN_labo_alu/alu_nbits/src_cpld/maxv_top.vhd Line: 48
    Warning (13010): Node "Con_80p_io[15]~synth" File: /home/reds/Desktop/CSN/labo3/CSN_labo_alu/alu_nbits/src_cpld/maxv_top.vhd Line: 48
    Warning (13010): Node "Con_80p_io[16]~synth" File: /home/reds/Desktop/CSN/labo3/CSN_labo_alu/alu_nbits/src_cpld/maxv_top.vhd Line: 48
Warning (13024): Output pins are stuck at VCC or GND
    Warning (13410): Pin "nLed_o[3]" is stuck at VCC File: /home/reds/Desktop/CSN/labo3/CSN_labo_alu/alu_nbits/src_cpld/maxv_top.vhd Line: 57
    Warning (13410): Pin "nLed_o[4]" is stuck at VCC File: /home/reds/Desktop/CSN/labo3/CSN_labo_alu/alu_nbits/src_cpld/maxv_top.vhd Line: 57
    Warning (13410): Pin "nLed_o[5]" is stuck at VCC File: /home/reds/Desktop/CSN/labo3/CSN_labo_alu/alu_nbits/src_cpld/maxv_top.vhd Line: 57
    Warning (13410): Pin "nLed_o[6]" is stuck at VCC File: /home/reds/Desktop/CSN/labo3/CSN_labo_alu/alu_nbits/src_cpld/maxv_top.vhd Line: 57
    Warning (13410): Pin "nLed_o[7]" is stuck at VCC File: /home/reds/Desktop/CSN/labo3/CSN_labo_alu/alu_nbits/src_cpld/maxv_top.vhd Line: 57
    Warning (13410): Pin "Led_RGB_o[0]" is stuck at GND File: /home/reds/Desktop/CSN/labo3/CSN_labo_alu/alu_nbits/src_cpld/maxv_top.vhd Line: 58
    Warning (13410): Pin "Led_RGB_o[1]" is stuck at GND File: /home/reds/Desktop/CSN/labo3/CSN_labo_alu/alu_nbits/src_cpld/maxv_top.vhd Line: 58
    Warning (13410): Pin "Led_RGB_o[2]" is stuck at GND File: /home/reds/Desktop/CSN/labo3/CSN_labo_alu/alu_nbits/src_cpld/maxv_top.vhd Line: 58
    Warning (13410): Pin "nSeven_Seg_o[0]" is stuck at VCC File: /home/reds/Desktop/CSN/labo3/CSN_labo_alu/alu_nbits/src_cpld/maxv_top.vhd Line: 59
    Warning (13410): Pin "nSeven_Seg_o[1]" is stuck at VCC File: /home/reds/Desktop/CSN/labo3/CSN_labo_alu/alu_nbits/src_cpld/maxv_top.vhd Line: 59
    Warning (13410): Pin "nSeven_Seg_o[2]" is stuck at VCC File: /home/reds/Desktop/CSN/labo3/CSN_labo_alu/alu_nbits/src_cpld/maxv_top.vhd Line: 59
    Warning (13410): Pin "nSeven_Seg_o[3]" is stuck at VCC File: /home/reds/Desktop/CSN/labo3/CSN_labo_alu/alu_nbits/src_cpld/maxv_top.vhd Line: 59
    Warning (13410): Pin "nSeven_Seg_o[4]" is stuck at VCC File: /home/reds/Desktop/CSN/labo3/CSN_labo_alu/alu_nbits/src_cpld/maxv_top.vhd Line: 59
    Warning (13410): Pin "nSeven_Seg_o[5]" is stuck at VCC File: /home/reds/Desktop/CSN/labo3/CSN_labo_alu/alu_nbits/src_cpld/maxv_top.vhd Line: 59
    Warning (13410): Pin "nSeven_Seg_o[6]" is stuck at VCC File: /home/reds/Desktop/CSN/labo3/CSN_labo_alu/alu_nbits/src_cpld/maxv_top.vhd Line: 59
Warning (21074): Design contains 16 input pin(s) that do not drive logic
    Warning (15610): No output dependent on input pin "Clk_Gen_i" File: /home/reds/Desktop/CSN/labo3/CSN_labo_alu/alu_nbits/src_cpld/maxv_top.vhd Line: 44
    Warning (15610): No output dependent on input pin "Encoder_A_i" File: /home/reds/Desktop/CSN/labo3/CSN_labo_alu/alu_nbits/src_cpld/maxv_top.vhd Line: 51
    Warning (15610): No output dependent on input pin "Encoder_B_i" File: /home/reds/Desktop/CSN/labo3/CSN_labo_alu/alu_nbits/src_cpld/maxv_top.vhd Line: 52
    Warning (15610): No output dependent on input pin "nButton_i[1]" File: /home/reds/Desktop/CSN/labo3/CSN_labo_alu/alu_nbits/src_cpld/maxv_top.vhd Line: 53
    Warning (15610): No output dependent on input pin "nButton_i[2]" File: /home/reds/Desktop/CSN/labo3/CSN_labo_alu/alu_nbits/src_cpld/maxv_top.vhd Line: 53
    Warning (15610): No output dependent on input pin "nButton_i[3]" File: /home/reds/Desktop/CSN/labo3/CSN_labo_alu/alu_nbits/src_cpld/maxv_top.vhd Line: 53
    Warning (15610): No output dependent on input pin "nButton_i[4]" File: /home/reds/Desktop/CSN/labo3/CSN_labo_alu/alu_nbits/src_cpld/maxv_top.vhd Line: 53
    Warning (15610): No output dependent on input pin "nButton_i[5]" File: /home/reds/Desktop/CSN/labo3/CSN_labo_alu/alu_nbits/src_cpld/maxv_top.vhd Line: 53
    Warning (15610): No output dependent on input pin "nButton_i[6]" File: /home/reds/Desktop/CSN/labo3/CSN_labo_alu/alu_nbits/src_cpld/maxv_top.vhd Line: 53
    Warning (15610): No output dependent on input pin "nButton_i[7]" File: /home/reds/Desktop/CSN/labo3/CSN_labo_alu/alu_nbits/src_cpld/maxv_top.vhd Line: 53
    Warning (15610): No output dependent on input pin "nButton_i[8]" File: /home/reds/Desktop/CSN/labo3/CSN_labo_alu/alu_nbits/src_cpld/maxv_top.vhd Line: 53
    Warning (15610): No output dependent on input pin "Switch_i[3]" File: /home/reds/Desktop/CSN/labo3/CSN_labo_alu/alu_nbits/src_cpld/maxv_top.vhd Line: 55
    Warning (15610): No output dependent on input pin "Switch_i[4]" File: /home/reds/Desktop/CSN/labo3/CSN_labo_alu/alu_nbits/src_cpld/maxv_top.vhd Line: 55
    Warning (15610): No output dependent on input pin "Switch_i[5]" File: /home/reds/Desktop/CSN/labo3/CSN_labo_alu/alu_nbits/src_cpld/maxv_top.vhd Line: 55
    Warning (15610): No output dependent on input pin "Switch_i[6]" File: /home/reds/Desktop/CSN/labo3/CSN_labo_alu/alu_nbits/src_cpld/maxv_top.vhd Line: 55
    Warning (15610): No output dependent on input pin "Switch_i[7]" File: /home/reds/Desktop/CSN/labo3/CSN_labo_alu/alu_nbits/src_cpld/maxv_top.vhd Line: 55
Info (21057): Implemented 230 device resources after synthesis - the final resource count might be different
    Info (21058): Implemented 21 input pins
    Info (21059): Implemented 19 output pins
    Info (21060): Implemented 119 bidirectional pins
    Info (21061): Implemented 71 logic cells
Info: Quartus Prime Analysis & Synthesis was successful. 0 errors, 120 warnings
    Info: Peak virtual memory: 916 megabytes
    Info: Processing ended: Mon Mar 23 00:22:41 2026
    Info: Elapsed time: 00:00:11
    Info: Total CPU time (on all processors): 00:00:10


