Flow report for maxv_top
Mon Mar 23 00:23:02 2026
Quartus Prime Version 18.1.0 Build 625 09/12/2018 SJ Standard Edition


---------------------
; Table of Contents ;
---------------------
  1. Legal Notice
  2. Flow Summary
  3. Flow Settings
  4. Flow Non-Default Global Settings
  5. Flow Elapsed Time
  6. Flow OS Summary
  7. Flow Log
  8. Flow Messages
  9. Flow Suppressed Messages



----------------
; Legal Notice ;
----------------
Copyright (C) 2018  Intel Corporation. All rights reserved.
Your use of Intel Corporation's design tools, logic functions 
and other software and tools, and its AMPP partner logic 
functions, and any output files from any of the foregoing 
(including device programming or simulation files), and any 
associated documentation or information are expressly subject 
to the terms and conditions of the Intel Program License 
Subscription Agreement, the Intel Quartus Prime License Agreement,
the Intel FPGA IP License Agreement, or other applicable license
agreement, including, without limitation, that your use is for
the sole purpose of programming logic devices manufactured by
Intel and sold by Intel or its authorized distributors.  Please
refer to the applicable agreement for further details.



+-------------------------------------------------------------------------+
; Flow Summary                                                            ;
+-----------------------+-------------------------------------------------+
; Flow Status           ; Successful - Mon Mar 23 00:23:02 2026           ;
; Quartus Prime Version ; 18.1.0 Build 625 09/12/2018 SJ Standard Edition ;
; Revision Name         ; maxv_top                                        ;
; Top-level Entity Name ; maxv_top                                        ;
; Family                ; MAX V                                           ;
; Device                ; 5M570ZF256C5                                    ;
; Timing Models         ; Final                                           ;
; Total logic elements  ; 71 / 570 ( 12 % )                               ;
; Total pins            ; 159 / 159 ( 100 % )                             ;
; Total virtual pins    ; 0                                               ;
; UFM blocks            ; 0 / 1 ( 0 % )                                   ;
+-----------------------+-------------------------------------------------+


+-----------------------------------------+
; Flow Settings                           ;
+-------------------+---------------------+
; Option            ; Setting             ;
+-------------------+---------------------+
; Start date & time ; 03/23/2026 00:22:33 ;
; Main task         ; Compilation         ;
; Revision Name     ; maxv_top            ;
+-------------------+---------------------+


+---------------------------------------------------------------------------------------------------------------+
; Flow Non-Default Global Settings                                                                              ;
+--------------------------------+-------------------------------+---------------+-------------+----------------+
; Assignment Name                ; Value                         ; Default Value ; Entity Name ; Section Id     ;
+--------------------------------+-------------------------------+---------------+-------------+----------------+
; COMPILER_SIGNATURE_ID          ; 8796757324948.177422175334444 ; --            ; --          ; --             ;
; EDA_OUTPUT_DATA_FORMAT         ; Vhdl                          ; --            ; --          ; eda_simulation ;
; EDA_SIMULATION_TOOL            ; QuestaSim (VHDL)              ; <None>        ; --          ; --             ;
; EDA_TIME_SCALE                 ; 1 ps                          ; --            ; --          ; eda_simulation ;
; MAX_CORE_JUNCTION_TEMP         ; 85                            ; --            ; --          ; --             ;
; MIN_CORE_JUNCTION_TEMP         ; 0                             ; --            ; --          ; --             ;
; POWER_PRESET_COOLING_SOLUTION  ; No Heat Sink With Still Air   ; --            ; --          ; --             ;
; PROJECT_OUTPUT_DIRECTORY       ; output_files                  ; --            ; --          ; --             ;
; VHDL_INPUT_VERSION             ; VHDL_2008                     ; VHDL_1993     ; --          ; --             ;
; VHDL_SHOW_LMF_MAPPING_MESSAGES ; Off                           ; --            ; --          ; --             ;
+--------------------------------+-------------------------------+---------------+-------------+----------------+


+--------------------------------------------------------------------------------------------------------------------------+
; Flow Elapsed Time                                                                                                        ;
+----------------------+--------------+-------------------------+---------------------+------------------------------------+
; Module Name          ; Elapsed Time ; Average Processors Used ; Peak Virtual Memory ; Total CPU Time (on all processors) ;
+----------------------+--------------+-------------------------+---------------------+------------------------------------+
; Analysis & Synthesis ; 00:00:11     ; 1.0                     ; 916 MB              ; 00:00:10                           ;
; Fitter               ; 00:00:05     ; 1.0                     ; 1065 MB             ; 00:00:01                           ;
; Assembler            ; 00:00:06     ; 1.0                     ; 773 MB              ; 00:00:00                           ;
; Timing Analyzer      ; 00:00:03     ; 1.0                     ; 705 MB              ; 00:00:00                           ;
; EDA Netlist Writer   ; 00:00:03     ; 1.0                     ; 1003 MB             ; 00:00:00                           ;
; Total                ; 00:00:28     ; --                      ; --                  ; 00:00:11                           ;
+----------------------+--------------+-------------------------+---------------------+------------------------------------+


+----------------------------------------------------------------------------------------+
; Flow OS Summary                                                                        ;
+----------------------+------------------+----------------+------------+----------------+
; Module Name          ; Machine Hostname ; OS Name        ; OS Version ; Processor type ;
+----------------------+------------------+----------------+------------+----------------+
; Analysis & Synthesis ; vmeda2026        ; Ubuntu 22.04.5 ; 22         ; x86_64         ;
; Fitter               ; vmeda2026        ; Ubuntu 22.04.5 ; 22         ; x86_64         ;
; Assembler            ; vmeda2026        ; Ubuntu 22.04.5 ; 22         ; x86_64         ;
; Timing Analyzer      ; vmeda2026        ; Ubuntu 22.04.5 ; 22         ; x86_64         ;
; EDA Netlist Writer   ; vmeda2026        ; Ubuntu 22.04.5 ; 22         ; x86_64         ;
+----------------------+------------------+----------------+------------+----------------+


------------
; Flow Log ;
------------
quartus_map --read_settings_files=on --write_settings_files=off maxv_top -c maxv_top
quartus_fit --read_settings_files=off --write_settings_files=off maxv_top -c maxv_top
quartus_asm --read_settings_files=off --write_settings_files=off maxv_top -c maxv_top
quartus_sta maxv_top -c maxv_top
quartus_eda --read_settings_files=off --write_settings_files=off maxv_top -c maxv_top



